{"time": "2026-05-14T08:28:22.221189Z", "level": "INFO", "message": "Listing models for user_id: 83a9b45c-ad25-44f9-a682-56f6f1de9ea1", "module": "models", "function": "list_models", "line": 78}
{"time": "2026-05-14T08:28:23.395555Z", "level": "INFO", "message": "HTTP Request: GET https://cskivpbodkpumhosmcux.supabase.co/rest/v1/models?select=model_id%2Cfile_name%2Cmodel_name%2Cproblem_type%2Ctarget_column%2Cscore%2Cstorage_path%2Ccreated_at&user_id=eq.83a9b45c-ad25-44f9-a682-56f6f1de9ea1&order=created_at.desc \"HTTP/2 200 OK\"", "module": "_client", "function": "_send_single_request", "line": 1025}
{"time": "2026-05-14T08:43:24.805609Z", "level": "INFO", "message": "HTTP Request: GET https://cskivpbodkpumhosmcux.supabase.co/auth/v1/user \"HTTP/2 200 OK\"", "module": "_client", "function": "_send_single_request", "line": 1025}
{"time": "2026-05-14T08:43:26.291166Z", "level": "INFO", "message": "HTTP Request: GET https://cskivpbodkpumhosmcux.supabase.co/rest/v1/models?select=%2A&model_id=eq.019e2591-56da-7e32-a23a-529b64cd6a85 \"HTTP/2 200 OK\"", "module": "_client", "function": "_send_single_request", "line": 1025}
{"time": "2026-05-14T08:43:27.449919Z", "level": "INFO", "message": "HTTP Request: DELETE https://cskivpbodkpumhosmcux.supabase.co/storage/v1/object/models \"HTTP/2 200 OK\"", "module": "_client", "function": "_send_single_request", "line": 1025}
{"time": "2026-05-14T08:43:28.455348Z", "level": "INFO", "message": "HTTP Request: DELETE https://cskivpbodkpumhosmcux.supabase.co/rest/v1/training_jobs?model_id=eq.019e2591-56da-7e32-a23a-529b64cd6a85&user_id=eq.83a9b45c-ad25-44f9-a682-56f6f1de9ea1 \"HTTP/2 200 OK\"", "module": "_client", "function": "_send_single_request", "line": 1025}
{"time": "2026-05-14T08:43:28.574054Z", "level": "INFO", "message": "HTTP Request: DELETE https://cskivpbodkpumhosmcux.supabase.co/rest/v1/models?model_id=eq.019e2591-56da-7e32-a23a-529b64cd6a85&user_id=eq.83a9b45c-ad25-44f9-a682-56f6f1de9ea1 \"HTTP/2 200 OK\"", "module": "_client", "function": "_send_single_request", "line": 1025}
{"time": "2026-05-14T08:46:00.821501Z", "level": "INFO", "message": "HTTP Request: GET https://cskivpbodkpumhosmcux.supabase.co/auth/v1/user \"HTTP/2 200 OK\"", "module": "_client", "function": "_send_single_request", "line": 1025}
{"time": "2026-05-14T08:46:00.827385Z", "level": "INFO", "message": "Listing models for user_id: 83a9b45c-ad25-44f9-a682-56f6f1de9ea1", "module": "models", "function": "list_models", "line": 78}
{"time": "2026-05-14T08:46:01.492810Z", "level": "INFO", "message": "HTTP Request: GET https://cskivpbodkpumhosmcux.supabase.co/rest/v1/models?select=model_id%2Cfile_name%2Cmodel_name%2Cproblem_type%2Ctarget_column%2Cscore%2Cstorage_path%2Ccreated_at&user_id=eq.83a9b45c-ad25-44f9-a682-56f6f1de9ea1&order=created_at.desc \"HTTP/2 200 OK\"", "module": "_client", "function": "_send_single_request", "line": 1025}
{"time": "2026-05-14T08:46:22.149906Z", "level": "INFO", "message": "HTTP Request: GET https://cskivpbodkpumhosmcux.supabase.co/auth/v1/user \"HTTP/2 200 OK\"", "module": "_client", "function": "_send_single_request", "line": 1025}
{"time": "2026-05-14T08:46:22.362029Z", "level": "INFO", "message": "HTTP Request: GET https://cskivpbodkpumhosmcux.supabase.co/rest/v1/models?select=%2A&model_id=eq.019e208b-f465-783e-a598-0ad229e7704d \"HTTP/2 200 OK\"", "module": "_client", "function": "_send_single_request", "line": 1025}
{"time": "2026-05-14T08:46:22.655192Z", "level": "INFO", "message": "HTTP Request: DELETE https://cskivpbodkpumhosmcux.supabase.co/storage/v1/object/models \"HTTP/2 200 OK\"", "module": "_client", "function": "_send_single_request", "line": 1025}
{"time": "2026-05-14T08:46:23.034810Z", "level": "INFO", "message": "HTTP Request: DELETE https://cskivpbodkpumhosmcux.supabase.co/rest/v1/training_jobs?model_id=eq.019e208b-f465-783e-a598-0ad229e7704d&user_id=eq.83a9b45c-ad25-44f9-a682-56f6f1de9ea1 \"HTTP/2 200 OK\"", "module": "_client", "function": "_send_single_request", "line": 1025}
{"time": "2026-05-14T08:46:23.082037Z", "level": "INFO", "message": "HTTP Request: DELETE https://cskivpbodkpumhosmcux.supabase.co/rest/v1/models?model_id=eq.019e208b-f465-783e-a598-0ad229e7704d&user_id=eq.83a9b45c-ad25-44f9-a682-56f6f1de9ea1 \"HTTP/2 200 OK\"", "module": "_client", "function": "_send_single_request", "line": 1025}
{"time": "2026-05-14T08:47:11.916578Z", "level": "INFO", "message": "Login attempt for email: def@example.com", "module": "auth", "function": "login", "line": 89}
{"time": "2026-05-14T08:47:12.196177Z", "level": "INFO", "message": "HTTP Request: POST https://cskivpbodkpumhosmcux.supabase.co/auth/v1/token?grant_type=password \"HTTP/2 200 OK\"", "module": "_client", "function": "_send_single_request", "line": 1025}
{"time": "2026-05-14T08:47:59.112483Z", "level": "INFO", "message": "HTTP Request: GET https://cskivpbodkpumhosmcux.supabase.co/auth/v1/user \"HTTP/2 200 OK\"", "module": "_client", "function": "_send_single_request", "line": 1025}
{"time": "2026-05-14T08:47:59.114465Z", "level": "INFO", "message": "Listing models for user_id: 26b5f9c6-e87e-4978-8374-31959bd1b2a3", "module": "models", "function": "list_models", "line": 78}
{"time": "2026-05-14T08:47:59.319839Z", "level": "INFO", "message": "HTTP Request: GET https://cskivpbodkpumhosmcux.supabase.co/rest/v1/models?select=model_id%2Cfile_name%2Cmodel_name%2Cproblem_type%2Ctarget_column%2Cscore%2Cstorage_path%2Ccreated_at&user_id=eq.26b5f9c6-e87e-4978-8374-31959bd1b2a3&order=created_at.desc \"HTTP/2 200 OK\"", "module": "_client", "function": "_send_single_request", "line": 1025}
{"time": "2026-05-14T08:48:09.506129Z", "level": "INFO", "message": "HTTP Request: GET https://cskivpbodkpumhosmcux.supabase.co/auth/v1/user \"HTTP/2 200 OK\"", "module": "_client", "function": "_send_single_request", "line": 1025}
{"time": "2026-05-14T08:48:09.916452Z", "level": "INFO", "message": "HTTP Request: GET https://cskivpbodkpumhosmcux.supabase.co/rest/v1/models?select=model_id%2Cfile_name%2Cmodel_name%2Cproblem_type%2Ctarget_column%2Cscore%2Cstorage_path%2Ccreated_at&user_id=eq.26b5f9c6-e87e-4978-8374-31959bd1b2a3&order=created_at.desc \"HTTP/2 200 OK\"", "module": "_client", "function": "_send_single_request", "line": 1025}
{"time": "2026-05-14T08:48:10.373530Z", "level": "INFO", "message": "HTTP Request: DELETE https://cskivpbodkpumhosmcux.supabase.co/storage/v1/object/models \"HTTP/2 200 OK\"", "module": "_client", "function": "_send_single_request", "line": 1025}
{"time": "2026-05-14T08:48:10.442361Z", "level": "INFO", "message": "HTTP Request: DELETE https://cskivpbodkpumhosmcux.supabase.co/rest/v1/models?model_id=eq.019e2591-5317-781d-9b57-611f878163a0&user_id=eq.26b5f9c6-e87e-4978-8374-31959bd1b2a3 \"HTTP/2 200 OK\"", "module": "_client", "function": "_send_single_request", "line": 1025}
{"time": "2026-05-14T08:48:10.552516Z", "level": "INFO", "message": "HTTP Request: DELETE https://cskivpbodkpumhosmcux.supabase.co/storage/v1/object/models \"HTTP/2 200 OK\"", "module": "_client", "function": "_send_single_request", "line": 1025}
{"time": "2026-05-14T08:48:10.625993Z", "level": "INFO", "message": "HTTP Request: DELETE https://cskivpbodkpumhosmcux.supabase.co/rest/v1/models?model_id=eq.019e2588-e110-73e9-a761-e7862a20a6c1&user_id=eq.26b5f9c6-e87e-4978-8374-31959bd1b2a3 \"HTTP/2 200 OK\"", "module": "_client", "function": "_send_single_request", "line": 1025}
{"time": "2026-05-14T08:48:10.750824Z", "level": "INFO", "message": "HTTP Request: DELETE https://cskivpbodkpumhosmcux.supabase.co/storage/v1/object/models \"HTTP/2 200 OK\"", "module": "_client", "function": "_send_single_request", "line": 1025}
{"time": "2026-05-14T08:48:10.805385Z", "level": "INFO", "message": "HTTP Request: DELETE https://cskivpbodkpumhosmcux.supabase.co/rest/v1/models?model_id=eq.019e208a-e42d-78ea-89c1-791bfb9b9d8f&user_id=eq.26b5f9c6-e87e-4978-8374-31959bd1b2a3 \"HTTP/2 200 OK\"", "module": "_client", "function": "_send_single_request", "line": 1025}
{"time": "2026-05-14T08:48:10.873594Z", "level": "INFO", "message": "HTTP Request: DELETE https://cskivpbodkpumhosmcux.supabase.co/rest/v1/training_jobs?user_id=eq.26b5f9c6-e87e-4978-8374-31959bd1b2a3 \"HTTP/2 200 OK\"", "module": "_client", "function": "_send_single_request", "line": 1025}
{"time": "2026-05-14T08:48:11.353075Z", "level": "INFO", "message": "HTTP Request: DELETE https://cskivpbodkpumhosmcux.supabase.co/auth/v1/admin/users/26b5f9c6-e87e-4978-8374-31959bd1b2a3 \"HTTP/2 200 OK\"", "module": "_client", "function": "_send_single_request", "line": 1025}
{"time": "2026-05-14T08:49:00.222027Z", "level": "INFO", "message": "HTTP Request: GET https://cskivpbodkpumhosmcux.supabase.co/auth/v1/user \"HTTP/2 403 Forbidden\"", "module": "_client", "function": "_send_single_request", "line": 1025}
{"time": "2026-05-14T08:49:11.810978Z", "level": "INFO", "message": "Login attempt for email: def@example.com", "module": "auth", "function": "login", "line": 89}
{"time": "2026-05-14T08:49:11.974287Z", "level": "INFO", "message": "HTTP Request: POST https://cskivpbodkpumhosmcux.supabase.co/auth/v1/token?grant_type=password \"HTTP/2 400 Bad Request\"", "module": "_client", "function": "_send_single_request", "line": 1025}
{"time": "2026-05-17T07:12:59.543466Z", "level": "INFO", "message": "Login attempt for email: abc@example.com", "module": "auth", "function": "login", "line": 89}
{"time": "2026-05-17T07:13:00.738177Z", "level": "INFO", "message": "HTTP Request: POST https://cskivpbodkpumhosmcux.supabase.co/auth/v1/token?grant_type=password \"HTTP/2 200 OK\"", "module": "_client", "function": "_send_single_request", "line": 1025}
{"time": "2026-05-17T07:13:23.468952Z", "level": "INFO", "message": "HTTP Request: GET https://cskivpbodkpumhosmcux.supabase.co/auth/v1/user \"HTTP/2 200 OK\"", "module": "_client", "function": "_send_single_request", "line": 1025}
{"time": "2026-05-17T07:13:23.487245Z", "level": "INFO", "message": "Listing models for user_id: 83a9b45c-ad25-44f9-a682-56f6f1de9ea1", "module": "models", "function": "list_models", "line": 78}
{"time": "2026-05-17T07:13:24.802538Z", "level": "INFO", "message": "HTTP Request: GET https://cskivpbodkpumhosmcux.supabase.co/rest/v1/models?select=model_id%2Cfile_name%2Cmodel_name%2Cproblem_type%2Ctarget_column%2Cscore%2Cstorage_path%2Ccreated_at&user_id=eq.83a9b45c-ad25-44f9-a682-56f6f1de9ea1&order=created_at.desc \"HTTP/2 200 OK\"", "module": "_client", "function": "_send_single_request", "line": 1025}
{"time": "2026-05-17T07:53:27.671222Z", "level": "INFO", "message": "Health check endpoint accessed", "module": "main", "function": "health", "line": 90}
{"time": "2026-05-17T07:54:40.152365Z", "level": "INFO", "message": "Login attempt for email: abc@example.com", "module": "auth", "function": "login", "line": 89}
{"time": "2026-05-17T07:54:40.872127Z", "level": "INFO", "message": "HTTP Request: POST https://cskivpbodkpumhosmcux.supabase.co/auth/v1/token?grant_type=password \"HTTP/2 200 OK\"", "module": "_client", "function": "_send_single_request", "line": 1025}
{"time": "2026-05-17T07:54:45.482260Z", "level": "INFO", "message": "Login attempt for email: abc@example.com", "module": "auth", "function": "login", "line": 89}
{"time": "2026-05-17T07:54:45.604159Z", "level": "INFO", "message": "HTTP Request: POST https://cskivpbodkpumhosmcux.supabase.co/auth/v1/token?grant_type=password \"HTTP/2 200 OK\"", "module": "_client", "function": "_send_single_request", "line": 1025}
{"time": "2026-05-17T07:55:35.357890Z", "level": "INFO", "message": "HTTP Request: GET https://cskivpbodkpumhosmcux.supabase.co/auth/v1/user \"HTTP/2 200 OK\"", "module": "_client", "function": "_send_single_request", "line": 1025}
{"time": "2026-05-17T07:55:36.694982Z", "level": "INFO", "message": "HTTP Request: POST https://cskivpbodkpumhosmcux.supabase.co/rest/v1/training_jobs \"HTTP/2 201 Created\"", "module": "_client", "function": "_send_single_request", "line": 1025}
{"time": "2026-05-17T07:57:56.237346Z", "level": "INFO", "message": "Login attempt for email: abc@example.com", "module": "auth", "function": "login", "line": 89}
{"time": "2026-05-17T07:57:56.738119Z", "level": "INFO", "message": "HTTP Request: POST https://cskivpbodkpumhosmcux.supabase.co/auth/v1/token?grant_type=password \"HTTP/2 200 OK\"", "module": "_client", "function": "_send_single_request", "line": 1025}
{"time": "2026-05-17T07:58:55.072268Z", "level": "INFO", "message": "HTTP Request: GET https://cskivpbodkpumhosmcux.supabase.co/auth/v1/user \"HTTP/2 200 OK\"", "module": "_client", "function": "_send_single_request", "line": 1025}
{"time": "2026-05-17T07:58:56.613759Z", "level": "INFO", "message": "HTTP Request: POST https://cskivpbodkpumhosmcux.supabase.co/rest/v1/training_jobs \"HTTP/2 201 Created\"", "module": "_client", "function": "_send_single_request", "line": 1025}
{"time": "2026-05-17T08:02:30.909122Z", "level": "INFO", "message": "HTTP Request: GET https://cskivpbodkpumhosmcux.supabase.co/auth/v1/user \"HTTP/2 200 OK\"", "module": "_client", "function": "_send_single_request", "line": 1025}
{"time": "2026-05-17T08:02:32.352220Z", "level": "INFO", "message": "HTTP Request: POST https://cskivpbodkpumhosmcux.supabase.co/rest/v1/training_jobs \"HTTP/2 201 Created\"", "module": "_client", "function": "_send_single_request", "line": 1025}
{"time": "2026-05-17T08:02:32.464928Z", "level": "INFO", "message": "HTTP Request: PATCH https://cskivpbodkpumhosmcux.supabase.co/rest/v1/training_jobs?job_id=eq.42e530f7-f279-4a51-959a-78e557e57558 \"HTTP/2 200 OK\"", "module": "_client", "function": "_send_single_request", "line": 1025}
{"time": "2026-05-17T08:03:44.217184Z", "level": "INFO", "message": "HTTP Request: POST https://cskivpbodkpumhosmcux.supabase.co/storage/v1/object/models/models/019e34f5-4f9a-7c6f-8a15-5cff4f85d96a.pkl \"HTTP/2 200 OK\"", "module": "_client", "function": "_send_single_request", "line": 1025}
{"time": "2026-05-17T08:13:14.268908Z", "level": "INFO", "message": "HTTP Request: GET https://cskivpbodkpumhosmcux.supabase.co/auth/v1/user \"HTTP/2 200 OK\"", "module": "_client", "function": "_send_single_request", "line": 1025}
{"time": "2026-05-17T08:13:15.258731Z", "level": "INFO", "message": "HTTP Request: POST https://cskivpbodkpumhosmcux.supabase.co/rest/v1/training_jobs \"HTTP/2 201 Created\"", "module": "_client", "function": "_send_single_request", "line": 1025}
{"time": "2026-05-17T08:13:15.327380Z", "level": "INFO", "message": "HTTP Request: PATCH https://cskivpbodkpumhosmcux.supabase.co/rest/v1/training_jobs?job_id=eq.b7dfaa87-c51e-4f2d-a55d-d16bea4ce621 \"HTTP/2 200 OK\"", "module": "_client", "function": "_send_single_request", "line": 1025}
{"time": "2026-05-17T08:14:29.751074Z", "level": "INFO", "message": "HTTP Request: POST https://cskivpbodkpumhosmcux.supabase.co/storage/v1/object/models/models/019e34ff-1ec0-7075-9148-2f20f26bdedd.pkl \"HTTP/2 200 OK\"", "module": "_client", "function": "_send_single_request", "line": 1025}
{"time": "2026-05-17T08:14:30.155283Z", "level": "INFO", "message": "HTTP Request: POST https://cskivpbodkpumhosmcux.supabase.co/rest/v1/models \"HTTP/2 201 Created\"", "module": "_client", "function": "_send_single_request", "line": 1025}
{"time": "2026-05-17T08:14:31.708005Z", "level": "INFO", "message": "HTTP Request: PATCH https://cskivpbodkpumhosmcux.supabase.co/rest/v1/training_jobs?job_id=eq.b7dfaa87-c51e-4f2d-a55d-d16bea4ce621 \"HTTP/2 200 OK\"", "module": "_client", "function": "_send_single_request", "line": 1025}
{"time": "2026-05-17T08:15:46.153854Z", "level": "INFO", "message": "HTTP Request: GET https://cskivpbodkpumhosmcux.supabase.co/auth/v1/user \"HTTP/2 200 OK\"", "module": "_client", "function": "_send_single_request", "line": 1025}
{"time": "2026-05-17T08:15:46.654534Z", "level": "INFO", "message": "HTTP Request: GET https://cskivpbodkpumhosmcux.supabase.co/rest/v1/training_jobs?select=%2A&job_id=eq.b7dfaa87-c51e-4f2d-a55d-d16bea4ce621&user_id=eq.83a9b45c-ad25-44f9-a682-56f6f1de9ea1 \"HTTP/2 200 OK\"", "module": "_client", "function": "_send_single_request", "line": 1025}
{"time": "2026-05-17T08:16:24.200464Z", "level": "INFO", "message": "HTTP Request: GET https://cskivpbodkpumhosmcux.supabase.co/auth/v1/user \"HTTP/2 200 OK\"", "module": "_client", "function": "_send_single_request", "line": 1025}
{"time": "2026-05-17T08:16:24.709888Z", "level": "INFO", "message": "HTTP Request: GET https://cskivpbodkpumhosmcux.supabase.co/rest/v1/models?select=%2A&model_id=eq.019e34ff-1ec0-7075-9148-2f20f26bdedd \"HTTP/2 200 OK\"", "module": "_client", "function": "_send_single_request", "line": 1025}
{"time": "2026-05-17T09:50:33.812505Z", "level": "INFO", "message": "Health check endpoint accessed", "module": "main", "function": "health", "line": 90}
{"time": "2026-05-17T09:51:10.306315Z", "level": "INFO", "message": "Login attempt for email: abc@example.com", "module": "auth", "function": "login", "line": 89}
{"time": "2026-05-17T09:51:10.944265Z", "level": "INFO", "message": "HTTP Request: POST https://cskivpbodkpumhosmcux.supabase.co/auth/v1/token?grant_type=password \"HTTP/2 200 OK\"", "module": "_client", "function": "_send_single_request", "line": 1025}
{"time": "2026-05-17T09:52:16.984749Z", "level": "INFO", "message": "HTTP Request: GET https://cskivpbodkpumhosmcux.supabase.co/auth/v1/user \"HTTP/2 200 OK\"", "module": "_client", "function": "_send_single_request", "line": 1025}
{"time": "2026-05-17T09:52:19.951888Z", "level": "INFO", "message": "HTTP Request: POST https://cskivpbodkpumhosmcux.supabase.co/rest/v1/training_jobs \"HTTP/2 201 Created\"", "module": "_client", "function": "_send_single_request", "line": 1025}
{"time": "2026-05-17T09:52:20.000412Z", "level": "INFO", "message": "HTTP Request: PATCH https://cskivpbodkpumhosmcux.supabase.co/rest/v1/training_jobs?job_id=eq.51924656-d3eb-46ef-ac34-75e23a6fde97 \"HTTP/2 200 OK\"", "module": "_client", "function": "_send_single_request", "line": 1025}
{"time": "2026-05-17T09:55:21.408811Z", "level": "INFO", "message": "HTTP Request: POST https://cskivpbodkpumhosmcux.supabase.co/storage/v1/object/models/models/019e3559-d422-7a9f-95be-ca197c2cfd1a.pkl \"HTTP/2 200 OK\"", "module": "_client", "function": "_send_single_request", "line": 1025}
{"time": "2026-05-17T09:55:22.743999Z", "level": "INFO", "message": "HTTP Request: POST https://cskivpbodkpumhosmcux.supabase.co/rest/v1/models \"HTTP/2 201 Created\"", "module": "_client", "function": "_send_single_request", "line": 1025}
{"time": "2026-05-17T09:55:23.317832Z", "level": "INFO", "message": "HTTP Request: PATCH https://cskivpbodkpumhosmcux.supabase.co/rest/v1/training_jobs?job_id=eq.51924656-d3eb-46ef-ac34-75e23a6fde97 \"HTTP/2 200 OK\"", "module": "_client", "function": "_send_single_request", "line": 1025}
{"time": "2026-05-17T09:56:14.128554Z", "level": "INFO", "message": "HTTP Request: GET https://cskivpbodkpumhosmcux.supabase.co/auth/v1/user \"HTTP/2 200 OK\"", "module": "_client", "function": "_send_single_request", "line": 1025}
{"time": "2026-05-17T09:56:14.613409Z", "level": "INFO", "message": "HTTP Request: GET https://cskivpbodkpumhosmcux.supabase.co/rest/v1/models?select=%2A&model_id=eq.51924656-d3eb-46ef-ac34-75e23a6fde97 \"HTTP/2 200 OK\"", "module": "_client", "function": "_send_single_request", "line": 1025}
{"time": "2026-05-17T09:56:34.923636Z", "level": "INFO", "message": "HTTP Request: GET https://cskivpbodkpumhosmcux.supabase.co/auth/v1/user \"HTTP/2 200 OK\"", "module": "_client", "function": "_send_single_request", "line": 1025}
{"time": "2026-05-17T09:56:35.043099Z", "level": "INFO", "message": "HTTP Request: GET https://cskivpbodkpumhosmcux.supabase.co/rest/v1/training_jobs?select=%2A&job_id=eq.51924656-d3eb-46ef-ac34-75e23a6fde97&user_id=eq.83a9b45c-ad25-44f9-a682-56f6f1de9ea1 \"HTTP/2 200 OK\"", "module": "_client", "function": "_send_single_request", "line": 1025}
{"time": "2026-05-17T09:56:44.044109Z", "level": "INFO", "message": "HTTP Request: GET https://cskivpbodkpumhosmcux.supabase.co/auth/v1/user \"HTTP/2 200 OK\"", "module": "_client", "function": "_send_single_request", "line": 1025}
{"time": "2026-05-17T09:56:44.188911Z", "level": "INFO", "message": "HTTP Request: GET https://cskivpbodkpumhosmcux.supabase.co/rest/v1/models?select=%2A&model_id=eq.019e3559-d422-7a9f-95be-ca197c2cfd1a \"HTTP/2 200 OK\"", "module": "_client", "function": "_send_single_request", "line": 1025}
